
> multitech-solution-website@1.0.0 predev
> node -e "const fs = require('fs'); fs.rmSync('.next', { recursive: true, force: true });"


> multitech-solution-website@1.0.0 dev
> next dev --hostname 0.0.0.0 --hostname 0.0.0.0 --port 3000

   ▲ Next.js 15.5.19
   - Local:        http://localhost:3000
   - Network:      http://0.0.0.0:3000

 ✓ Starting...
 ✓ Ready in 2.1s
 ○ Compiling / ...
 ✓ Compiled / in 5.7s (1838 modules)
 GET / 200 in 7305ms
 ○ Compiling /_error ...
 ✓ Compiled /_error in 2.1s (2185 modules)
 GET / 500 in 9253ms
 GET / 500 in 933ms
 GET / 500 in 3944ms
 GET / 500 in 959ms
 GET / 500 in 8653ms
 GET / 500 in 624ms
 GET / 500 in 1805ms
 GET / 500 in 507ms
 GET / 500 in 1631ms
 GET / 500 in 288ms
 GET / 500 in 1053ms
 GET / 500 in 319ms
 GET / 500 in 1159ms
 GET / 500 in 297ms
 GET / 500 in 1055ms
 GET / 500 in 274ms
 GET / 500 in 915ms
 GET / 500 in 278ms
 GET / 500 in 999ms
 GET / 500 in 266ms
 GET / 500 in 992ms
 GET / 500 in 301ms
