 ⨯ [Error: ENOENT: no such file or directory, open 'C:\Users\Shajib\Documents\multitech Solution\.next\server\app-paths-manifest.json'] {
  errno: -4058,
  code: 'ENOENT',
  syscall: 'open',
  path: 'C:\\Users\\Shajib\\Documents\\multitech Solution\\.next\\server\\app-paths-manifest.json',
  page: '/'
}
 ⨯ [Error: ENOENT: no such file or directory, open 'C:\Users\Shajib\Documents\multitech Solution\.next\routes-manifest.json'] {
  errno: -4058,
  code: 'ENOENT',
  syscall: 'open',
  path: 'C:\\Users\\Shajib\\Documents\\multitech Solution\\.next\\routes-manifest.json'
}
[Error: ENOENT: no such file or directory, open 'C:\Users\Shajib\Documents\multitech Solution\.next\server\app-paths-manifest.json'] {
  errno: -4058,
  code: 'ENOENT',
  syscall: 'open',
  path: 'C:\\Users\\Shajib\\Documents\\multitech Solution\\.next\\server\\app-paths-manifest.json',
  page: '/'
}
 ⨯ [Error: ENOENT: no such file or directory, open 'C:\Users\Shajib\Documents\multitech Solution\.next\routes-manifest.json'] {
  errno: -4058,
  code: 'ENOENT',
  syscall: 'open',
  path: 'C:\\Users\\Shajib\\Documents\\multitech Solution\\.next\\routes-manifest.json'
}
[Error: ENOENT: no such file or directory, open 'C:\Users\Shajib\Documents\multitech Solution\.next\routes-manifest.json'] {
  errno: -4058,
  code: 'ENOENT',
  syscall: 'open',
  path: 'C:\\Users\\Shajib\\Documents\\multitech Solution\\.next\\routes-manifest.json'
}
 ⨯ [Error: ENOENT: no such file or directory, open 'C:\Users\Shajib\Documents\multitech Solution\.next\routes-manifest.json'] {
  errno: -4058,
  code: 'ENOENT',
  syscall: 'open',
  path: 'C:\\Users\\Shajib\\Documents\\multitech Solution\\.next\\routes-manifest.json',
  page: '/'
}
 ⨯ [Error: ENOENT: no such file or directory, open 'C:\Users\Shajib\Documents\multitech Solution\.next\routes-manifest.json'] {
  errno: -4058,
  code: 'ENOENT',
  syscall: 'open',
  path: 'C:\\Users\\Shajib\\Documents\\multitech Solution\\.next\\routes-manifest.json'
}
[Error: ENOENT: no such file or directory, open 'C:\Users\Shajib\Documents\multitech Solution\.next\routes-manifest.json'] {
  errno: -4058,
  code: 'ENOENT',
  syscall: 'open',
  path: 'C:\\Users\\Shajib\\Documents\\multitech Solution\\.next\\routes-manifest.json',
  page: '/'
}
 ⨯ [Error: ENOENT: no such file or directory, open 'C:\Users\Shajib\Documents\multitech Solution\.next\routes-manifest.json'] {
  errno: -4058,
  code: 'ENOENT',
  syscall: 'open',
  path: 'C:\\Users\\Shajib\\Documents\\multitech Solution\\.next\\routes-manifest.json'
}
[Error: ENOENT: no such file or directory, open 'C:\Users\Shajib\Documents\multitech Solution\.next\routes-manifest.json'] {
  errno: -4058,
  code: 'ENOENT',
  syscall: 'open',
  path: 'C:\\Users\\Shajib\\Documents\\multitech Solution\\.next\\routes-manifest.json'
}
